Command: d:\ESP-IDF_Tools\python_env\idf5.5_py3.11_env\Scripts\python.exe d:\ESP-IDF_Tools\Espressif\releases\esp-idf-v5.5\v5.5\esp-idf\tools/idf_monitor.py -p COM4 -b 115200 --toolchain-prefix xtensa-esp32-elf- --target esp32 --revision 0 D:\ESP-Project1\Project-Based-Learning\build\ds18b20_read.elf D:\ESP-Project1\Project-Based-Learning\build\bootloader\bootloader.elf --force-color -m 'd:\ESP-IDF_Tools\python_env\idf5.5_py3.11_env\Scripts\python.exe' 'd:\ESP-IDF_Tools\Espressif\releases\esp-idf-v5.5\v5.5\esp-idf\tools\idf.py' '-p' 'COM4'
HTÔøΩH(
BÔøΩÔøΩJÔøΩÔøΩ—πesp32: SPÔøΩets Jul 29 2019 12:21:46

rst:0x1 (POWERON_RESET),boot:0x17 (SPI_FAST_FLASH_BOOT)
configsip: 0, SPIWP:0xee
clk_drv:0x00,q_drv:0x00,d_drv:0x00,cs0_drv:0x00,hd_drv:0x00,wp_drv:0x00
mode:DIO, clock div:2
load:0x3fff0030,len:6380
ho 0 tail 12 room 4
load:0x40078000,len:15916
load:0x40080400,len:3860
entry 0x40080638
[0;32mI (29) boot: ESP-IDF v5.5 2nd stage bootloader[0m
[0;32mI (29) boot: compile time Oct  5 2025 20:28:48[0m
[0;32mI (29) boot: Multicore bootloader[0m
[0;32mI (30) boot: chip revision: v3.1[0m
[0;32mI (33) boot.esp32: SPI Speed      : 40MHz[0m
[0;32mI (37) boot.esp32: SPI Mode       : DIO[0m
[0;32mI (40) boot.esp32: SPI Flash Size : 2MB[0m
[0;32mI (44) boot: Enabling RNG early entropy source...[0m
[0;32mI (49) boot: Partition Table:[0m
[0;32mI (51) boot: ## Label            Usage          Type ST Offset   Length[0m
[0;32mI (57) boot:  0 nvs              WiFi data        01 02 00009000 00006000[0m
[0;32mI (64) boot:  1 phy_init         RF data          01 01 0000f000 00001000[0m
[0;32mI (71) boot:  2 factory          factory app      00 00 00010000 00100000[0m
[0;32mI (77) boot: End of partition table[0m
[0;32mI (80) esp_image: segment 0: paddr=00010020 vaddr=3f400020 size=1eea8h (126632) map[0m
[0;32mI (131) esp_image: segment 1: paddr=0002eed0 vaddr=3ff80000 size=00020h (    32) load[0m
[0;32mI (131) esp_image: segment 2: paddr=0002eef8 vaddr=3ffb0000 size=01120h (  4384) load[0m
[0;32mI (137) esp_image: segment 3: paddr=00030020 vaddr=400d0020 size=a1a18h (662040) map[0m
[0;32mI (369) esp_image: segment 4: paddr=000d1a40 vaddr=3ffb1120 size=02e28h ( 11816) load[0m
[0;32mI (373) esp_image: segment 5: paddr=000d4870 vaddr=40080000 size=17fd8h ( 98264) load[0m
[0;32mI (423) boot: Loaded app from partition at offset 0x10000[0m
[0;32mI (423) boot: Disabling RNG early entropy source...[0m
[0;32mI (434) cpu_start: Multicore app[0m
[0;32mI (442) cpu_start: Pro cpu start user code[0m
[0;32mI (442) cpu_start: cpu freq: 160000000 Hz[0m
[0;32mI (442) app_init: Application information:[0m
[0;32mI (442) app_init: Project name:     ds18b20_read[0m
[0;32mI (447) app_init: App version:      3483f59-dirty[0m
[0;32mI (451) app_init: Compile time:     Oct  7 2025 20:30:45[0m
[0;32mI (456) app_init: ELF file SHA256:  927729d34...[0m
[0;32mI (461) app_init: ESP-IDF:          v5.5[0m
[0;32mI (464) efuse_init: Min chip rev:     v0.0[0m
[0;32mI (468) efuse_init: Max chip rev:     v3.99 [0m
[0;32mI (472) efuse_init: Chip rev:         v3.1[0m
[0;32mI (476) heap_init: Initializing. RAM available for dynamic allocation:[0m
[0;32mI (482) heap_init: At 3FFAE6E0 len 00001920 (6 KiB): DRAM[0m
[0;32mI (487) heap_init: At 3FFB8688 len 00027978 (158 KiB): DRAM[0m
[0;32mI (492) heap_init: At 3FFE0440 len 00003AE0 (14 KiB): D/IRAM[0m
[0;32mI (498) heap_init: At 3FFE4350 len 0001BCB0 (111 KiB): D/IRAM[0m
[0;32mI (503) heap_init: At 40097FD8 len 00008028 (32 KiB): IRAM[0m
[0;32mI (510) spi_flash: detected chip: generic[0m
[0;32mI (512) spi_flash: flash io: dio[0m
[0;33mW (515) spi_flash: Detected size(4096k) larger than the size in the binary image header(2048k). Using the size in the binary image header.[0m
[0;32mI (529) main_task: Started on CPU0[0m
[0;32mI (539) main_task: Calling app_main()[0m
[0;32mI (569) wifi:wifi driver task: 3ffc12ac, prio:23, stack:6656, core=0[0m
[0;32mI (579) wifi:wifi firmware version: f3dbad7[0m
[0;32mI (579) wifi:wifi certification version: v7.0[0m
[0;32mI (579) wifi:config NVS flash: enabled[0m
[0;32mI (579) wifi:config nano formatting: disabled[0m
[0;32mI (589) wifi:Init data frame dynamic rx buffer num: 32[0m
[0;32mI (589) wifi:Init static rx mgmt buffer num: 5[0m
[0;32mI (589) wifi:Init management short buffer num: 32[0m
[0;32mI (599) wifi:Init dynamic tx buffer num: 32[0m
[0;32mI (599) wifi:Init static rx buffer size: 1600[0m
[0;32mI (609) wifi:Init static rx buffer num: 10[0m
[0;32mI (609) wifi:Init dynamic rx buffer num: 32[0m
[0;32mI (619) wifi_init: rx ba win: 6[0m
[0;32mI (619) wifi_init: accept mbox: 6[0m
[0;32mI (619) wifi_init: tcpip mbox: 32[0m
[0;32mI (619) wifi_init: udp mbox: 6[0m
[0;32mI (629) wifi_init: tcp mbox: 6[0m
[0;32mI (629) wifi_init: tcp tx win: 5760[0m
[0;32mI (629) wifi_init: tcp rx win: 5760[0m
[0;32mI (629) wifi_init: tcp mss: 1440[0m
[0;32mI (639) wifi_init: WiFi IRAM OP enabled[0m
[0;32mI (639) wifi_init: WiFi RX IRAM OP enabled[0m
[0;32mI (649) phy_init: phy_version 4860,6b7a6e5,Feb  6 2025,14:47:07[0m
[0;32mI (729) wifi:mode : sta (78:1c:3c:2b:c5:64)[0m
[0;32mI (729) wifi:enable tsf[0m
[0;32mI (739) ESPNOW: espnow [version: 2.0] init[0m
[0;32mI (739) MQ2_SENSOR: MQ2 ADC initialized[0m
[0;33mW (739) MQ2_SENSOR: ‚ö†Ô∏è Warming up MQ-2 heater for 30 seconds...[0m
[0;33mW (739) DATA_TASK: MQTT not connected, skipping publish[0m
[0;32mI (749) wifi:new:<9,0>, old:<1,0>, ap:<255,255>, sta:<9,0>, prof:1, snd_ch_cfg:0x0[0m
[0;32mI (749) wifi:state: init -> auth (0xb0)[0m
[0;32mI (759) GATEWAY_FIRE_SYSTEM: System started[0m
[0;32mI (759) main_task: Returned from app_main()[0m
[0;32mI (769) wifi:state: auth -> assoc (0x0)[0m
[0;32mI (779) wifi:state: assoc -> run (0x10)[0m
[0;32mI (809) wifi:connected with Hieu Nguyen, aid = 16, channel 9, BW20, bssid = 68:9e:29:a4:42:86[0m
[0;32mI (809) wifi:security: WPA2-PSK, phy: bgn, rssi: -50[0m
[0;32mI (819) wifi:pm start, type: 1[0m

[0;32mI (819) wifi:dp: 1, bi: 102400, li: 3, scale listen interval from 307200 us to 307200 us[0m
[0;32mI (829) wifi:<ba-add>idx:0 (ifx:0, 68:9e:29:a4:42:86), tid:0, ssn:2, winSize:64[0m
[0;32mI (899) wifi:AP's beacon interval = 102400 us, DTIM period = 1[0m
[0;32mI (4109) esp_netif_handlers: sta ip: 192.168.1.111, mask: 255.255.255.0, gw: 192.168.1.1[0m
[0;32mI (4109) GATEWAY_FIRE_SYSTEM: Wi-Fi connected, starting MQTT[0m
[0;32mI (4389) GATEWAY_FIRE_SYSTEM: MQTT connected[0m
[0;32mI (30739) MQ2_SENSOR: Calibrating baseline... keep area clear of gas[0m
[0;32mI (35739) MQ2_SENSOR: Calibration complete. Baseline=812[0m
[0;32mI (36489) MQ2_SENSOR: Raw=808, Baseline=812, Diff=-4[0m
[0;32mI (36759) DATA_TASK: Published: {"timestamp":36,"temperature":29.69,"gas":0,"alert":false}[0m
[0;32mI (39239) MQ2_SENSOR: Raw=809, Baseline=812, Diff=-3[0m
[0;32mI (41989) MQ2_SENSOR: Raw=803, Baseline=812, Diff=-9[0m
[0;32mI (44739) MQ2_SENSOR: Raw=795, Baseline=812, Diff=-17[0m
[0;32mI (47489) MQ2_SENSOR: Raw=793, Baseline=812, Diff=-19[0m
[0;32mI (50239) MQ2_SENSOR: Raw=797, Baseline=812, Diff=-15[0m
[0;32mI (52989) MQ2_SENSOR: Raw=793, Baseline=812, Diff=-19[0m
[0;32mI (54759) DATA_TASK: Published: {"timestamp":54,"temperature":30.62,"gas":0,"alert":false}[0m
[0;32mI (55739) MQ2_SENSOR: Raw=794, Baseline=812, Diff=-18[0m
[0;33mW (55739) GATEWAY_FIRE_SYSTEM: Alarm ON[0m
[0;32mI (56759) DATA_TASK: Published: {"timestamp":56,"temperature":31.25,"gas":0,"alert":true}[0m
[0;32mI (58499) MQ2_SENSOR: Raw=790, Baseline=812, Diff=-22[0m
[0;32mI (58499) GATEWAY_FIRE_SYSTEM: Alarm OFF - All alerts cleared.[0m
[0;32mI (58759) DATA_TASK: Published: {"timestamp":58,"temperature":30.88,"gas":0,"alert":false}[0m
[0;32mI (61259) MQ2_SENSOR: Raw=785, Baseline=812, Diff=-27[0m
[0;32mI (62759) DATA_TASK: Published: {"timestamp":62,"temperature":30.62,"gas":0,"alert":false}[0m
[0;32mI (64009) MQ2_SENSOR: Raw=785, Baseline=812, Diff=-27[0m
[0;32mI (66759) MQ2_SENSOR: Raw=783, Baseline=812, Diff=-29[0m
[0;32mI (66769) DATA_TASK: Published: {"timestamp":66,"temperature":30.25,"gas":0,"alert":false}[0m
[0;32mI (69509) MQ2_SENSOR: Raw=774, Baseline=812, Diff=-38[0m
[0;32mI (72259) MQ2_SENSOR: Raw=782, Baseline=812, Diff=-30[0m
[0;32mI (75009) MQ2_SENSOR: Raw=780, Baseline=812, Diff=-32[0m
[0;32mI (76769) DATA_TASK: Published: {"timestamp":76,"temperature":30.00,"gas":0,"alert":false}[0m
[0;32mI (77759) MQ2_SENSOR: Raw=777, Baseline=812, Diff=-35[0m
