Command: d:\ESP-IDF_Tools\python_env\idf5.5_py3.11_env\Scripts\python.exe d:\ESP-IDF_Tools\Espressif\releases\esp-idf-v5.5\v5.5\esp-idf\tools/idf_monitor.py -p COM4 -b 115200 --toolchain-prefix xtensa-esp32-elf- --target esp32 --revision 0 D:\ESP-Project1\Project-Based-Learning\build\ds18b20_read.elf D:\ESP-Project1\Project-Based-Learning\build\bootloader\bootloader.elf --force-color -m 'd:\ESP-IDF_Tools\python_env\idf5.5_py3.11_env\Scripts\python.exe' 'd:\ESP-IDF_Tools\Espressif\releases\esp-idf-v5.5\v5.5\esp-idf\tools\idf.py' '-p' 'COM4'
TÔøΩH(
BÔøΩÔøΩJÔøΩÔøΩ—πesp3ÔøΩets Jul 29 2019 12:21:46

rst:0x1 (POWERON_RESET),boot:0x17 (SPI_FAST_FLASH_BOOT)
configsip: 0, SPIWP:0xee
clk_drv:0x00,q_drv:0x00,d_drv:0x00,cs0_drv:0x00,hd_drv:0x00,wp_drv:0x00
mode:DIO, clock div:2
load:0x3fff0030,len:6380
ho 0 tail 12 room 4
load:0x40078000,len:15916
load:0x40080400,len:3860
entry 0x40080638
[0;32mI (29) boot: ESP-IDF v5.5 2nd stage bootloader[0m
[0;32mI (29) boot: compile time Oct  5 2025 20:28:48[0m
[0;32mI (29) boot: Multicore bootloader[0m
[0;32mI (30) boot: chip revision: v3.1[0m
[0;32mI (33) boot.esp32: SPI Speed      : 40MHz[0m
[0;32mI (37) boot.esp32: SPI Mode       : DIO[0m
[0;32mI (40) boot.esp32: SPI Flash Size : 2MB[0m
[0;32mI (44) boot: Enabling RNG early entropy source...[0m
[0;32mI (49) boot: Partition Table:[0m
[0;32mI (51) boot: ## Label            Usage          Type ST Offset   Length[0m
[0;32mI (57) boot:  0 nvs              WiFi data        01 02 00009000 00006000[0m
[0;32mI (64) boot:  1 phy_init         RF data          01 01 0000f000 00001000[0m
[0;32mI (71) boot:  2 factory          factory app      00 00 00010000 00100000[0m
[0;32mI (77) boot: End of partition table[0m
[0;32mI (80) esp_image: segment 0: paddr=00010020 vaddr=3f400020 size=1ef48h (126792) map[0m
[0;32mI (131) esp_image: segment 1: paddr=0002ef70 vaddr=3ff80000 size=00020h (    32) load[0m
[0;32mI (131) esp_image: segment 2: paddr=0002ef98 vaddr=3ffb0000 size=01080h (  4224) load[0m
[0;32mI (137) esp_image: segment 3: paddr=00030020 vaddr=400d0020 size=a23c0h (664512) map[0m
[0;32mI (370) esp_image: segment 4: paddr=000d23e8 vaddr=3ffb1080 size=02ec8h ( 11976) load[0m
[0;32mI (374) esp_image: segment 5: paddr=000d52b8 vaddr=40080000 size=17fd8h ( 98264) load[0m
[0;32mI (424) boot: Loaded app from partition at offset 0x10000[0m
[0;32mI (424) boot: Disabling RNG early entropy source...[0m
[0;32mI (435) cpu_start: Multicore app[0m
[0;32mI (443) cpu_start: Pro cpu start user code[0m
[0;32mI (443) cpu_start: cpu freq: 160000000 Hz[0m
[0;32mI (443) app_init: Application information:[0m
[0;32mI (443) app_init: Project name:     ds18b20_read[0m
[0;32mI (448) app_init: App version:      3483f59-dirty[0m
[0;32mI (452) app_init: Compile time:     Oct  7 2025 20:30:45[0m
[0;32mI (457) app_init: ELF file SHA256:  d501eb8d5...[0m
[0;32mI (462) app_init: ESP-IDF:          v5.5[0m
[0;32mI (465) efuse_init: Min chip rev:     v0.0[0m
[0;32mI (469) efuse_init: Max chip rev:     v3.99 [0m
[0;32mI (473) efuse_init: Chip rev:         v3.1[0m
[0;32mI (477) heap_init: Initializing. RAM available for dynamic allocation:[0m
[0;32mI (483) heap_init: At 3FFAE6E0 len 00001920 (6 KiB): DRAM[0m
[0;32mI (488) heap_init: At 3FFB8690 len 00027970 (158 KiB): DRAM[0m
[0;32mI (493) heap_init: At 3FFE0440 len 00003AE0 (14 KiB): D/IRAM[0m
[0;32mI (499) heap_init: At 3FFE4350 len 0001BCB0 (111 KiB): D/IRAM[0m
[0;32mI (504) heap_init: At 40097FD8 len 00008028 (32 KiB): IRAM[0m
[0;32mI (511) spi_flash: detected chip: generic[0m
[0;32mI (513) spi_flash: flash io: dio[0m
[0;33mW (516) spi_flash: Detected size(4096k) larger than the size in the binary image header(2048k). Using the size in the binary image header.[0m
[0;32mI (530) main_task: Started on CPU0[0m
[0;32mI (540) main_task: Calling app_main()[0m
[0;32mI (570) wifi:wifi driver task: 3ffc12b4, prio:23, stack:6656, core=0[0m
[0;32mI (580) wifi:wifi firmware version: f3dbad7[0m
[0;32mI (580) wifi:wifi certification version: v7.0[0m
[0;32mI (580) wifi:config NVS flash: enabled[0m
[0;32mI (580) wifi:config nano formatting: disabled[0m
[0;32mI (590) wifi:Init data frame dynamic rx buffer num: 32[0m
[0;32mI (590) wifi:Init static rx mgmt buffer num: 5[0m
[0;32mI (590) wifi:Init management short buffer num: 32[0m
[0;32mI (600) wifi:Init dynamic tx buffer num: 32[0m
[0;32mI (600) wifi:Init static rx buffer size: 1600[0m
[0;32mI (610) wifi:Init static rx buffer num: 10[0m
[0;32mI (610) wifi:Init dynamic rx buffer num: 32[0m
[0;32mI (620) wifi_init: rx ba win: 6[0m
[0;32mI (620) wifi_init: accept mbox: 6[0m
[0;32mI (620) wifi_init: tcpip mbox: 32[0m
[0;32mI (620) wifi_init: udp mbox: 6[0m
[0;32mI (630) wifi_init: tcp mbox: 6[0m
[0;32mI (630) wifi_init: tcp tx win: 5760[0m
[0;32mI (630) wifi_init: tcp rx win: 5760[0m
[0;32mI (630) wifi_init: tcp mss: 1440[0m
[0;32mI (640) wifi_init: WiFi IRAM OP enabled[0m
[0;32mI (640) wifi_init: WiFi RX IRAM OP enabled[0m
[0;32mI (650) phy_init: phy_version 4860,6b7a6e5,Feb  6 2025,14:47:07[0m
[0;32mI (730) phy_init: Saving new calibration data due to checksum failure or outdated calibration data, mode(0)[0m
[0;32mI (750) wifi:mode : sta (78:1c:3c:2b:c5:64)[0m
[0;32mI (750) wifi:enable tsf[0m
[0;32mI (750) ESPNOW: espnow [version: 2.0] init[0m
[0;32mI (760) MQ2_SENSOR: MQ2 ADC initialized[0m
[0;33mW (760) MQ2_SENSOR: ‚ö†Ô∏è Warming up MQ-2 heater for 30 seconds...[0m
[0;33mW (760) DATA_TASK: MQTT not connected, skipping publish[0m
[0;32mI (760) wifi:new:<9,0>, old:<1,0>, ap:<255,255>, sta:<9,0>, prof:1, snd_ch_cfg:0x0[0m
[0;32mI (770) wifi:state: init -> auth (0xb0)[0m
[0;32mI (780) GATEWAY_FIRE_SYSTEM: System started[0m
[0;32mI (780) main_task: Returned from app_main()[0m
[0;32mI (780) wifi:state: auth -> assoc (0x0)[0m
[0;32mI (790) wifi:state: assoc -> run (0x10)[0m
[0;32mI (820) wifi:connected with Hieu Nguyen, aid = 11, channel 9, BW20, bssid = 68:9e:29:a4:42:86[0m
[0;32mI (820) wifi:security: WPA2-PSK, phy: bgn, rssi: -36[0m
[0;32mI (830) wifi:pm start, type: 1[0m

[0;32mI (830) wifi:dp: 1, bi: 102400, li: 3, scale listen interval from 307200 us to 307200 us[0m
[0;32mI (850) wifi:AP's beacon interval = 102400 us, DTIM period = 1[0m
[0;32mI (860) wifi:<ba-add>idx:0 (ifx:0, 68:9e:29:a4:42:86), tid:0, ssn:2, winSize:64[0m
[0;32mI (2170) esp_netif_handlers: sta ip: 192.168.1.111, mask: 255.255.255.0, gw: 192.168.1.1[0m
[0;32mI (2170) GATEWAY_FIRE_SYSTEM: Wi-Fi connected, starting MQTT[0m
[0;32mI (2290) GATEWAY_FIRE_SYSTEM: MQTT connected[0m
[0;32mI (30760) MQ2_SENSOR: Calibrating baseline... keep area clear of gas[0m
[0;32mI (35760) MQ2_SENSOR: Calibration complete. Baseline=831[0m
[0;32mI (36510) MQ2_SENSOR: Raw=832, Baseline=831, Diff=1[0m
[0;32mI (36780) DATA_TASK: Published: {"timestamp":36,"temperature":30.00,"gas":0,"alert":false}[0m
[0;32mI (39260) MQ2_SENSOR: Raw=819, Baseline=831, Diff=-12[0m
[0;32mI (42010) MQ2_SENSOR: Raw=842, Baseline=831, Diff=11[0m
[0;32mI (44760) MQ2_SENSOR: Raw=824, Baseline=831, Diff=-7[0m
[0;32mI (47510) MQ2_SENSOR: Raw=821, Baseline=831, Diff=-10[0m
[0;33mW (47510) GATEWAY_FIRE_SYSTEM: Alarm ON[0m
[0;32mI (48780) DATA_TASK: Published: {"timestamp":48,"temperature":31.50,"gas":0,"alert":true}[0m
[0;32mI (50270) MQ2_SENSOR: Raw=820, Baseline=831, Diff=-11[0m
[0;32mI (50780) DATA_TASK: Published: {"timestamp":50,"temperature":31.94,"gas":0,"alert":true}[0m
[0;32mI (53020) MQ2_SENSOR: Raw=817, Baseline=831, Diff=-14[0m
[0;32mI (54780) DATA_TASK: Published: {"timestamp":54,"temperature":31.56,"gas":0,"alert":true}[0m
[0;32mI (55770) MQ2_SENSOR: Raw=812, Baseline=831, Diff=-19[0m
[0;32mI (58520) MQ2_SENSOR: Raw=809, Baseline=831, Diff=-22[0m
[0;32mI (58520) GATEWAY_FIRE_SYSTEM: Alarm OFF - All alerts cleared.[0m
[0;32mI (58780) DATA_TASK: Published: {"timestamp":58,"temperature":31.19,"gas":0,"alert":false}[0m
[0;32mI (61280) MQ2_SENSOR: Raw=807, Baseline=831, Diff=-24[0m
[0;32mI (64030) MQ2_SENSOR: Raw=806, Baseline=831, Diff=-25[0m
[0;32mI (64780) DATA_TASK: Published: {"timestamp":64,"temperature":30.88,"gas":0,"alert":false}[0m
[0;32mI (66780) MQ2_SENSOR: Raw=808, Baseline=831, Diff=-23[0m
[0;32mI (69530) MQ2_SENSOR: Raw=802, Baseline=831, Diff=-29[0m
[0;32mI (70780) DATA_TASK: Published: {"timestamp":70,"temperature":30.62,"gas":0,"alert":false}[0m
[0;32mI (72280) MQ2_SENSOR: Raw=800, Baseline=831, Diff=-31[0m
[0;32mI (75030) MQ2_SENSOR: Raw=812, Baseline=831, Diff=-19[0m
[0;32mI (77780) MQ2_SENSOR: Raw=801, Baseline=831, Diff=-30[0m
